// Jest Snapshot v1, https://goo.gl/fbAQLP

exports[`it should render the snapshot of the <App /> component 1`] = `
Object {
  "asFragment": [Function],
  "baseElement": <body>
    <div>
      <div
        class="App"
      >
        <header
          class="App-header"
        >
          <img
            alt="logo"
            class="App-logo"
            src="logoF2t4BlackWhiteCircleFilled.png"
          />
          <p>
            FLOOR
            <sup>
              4
            </sup>
          </p>
          <a
            class="App-link"
            href="https://soundcloud.com/f2t4"
            rel="noopener noreferrer"
            target="_blank"
          >
            SoundCloud
          </a>
          <a
            class="App-link"
            href="https://www.youtube.com/F2t4TV"
            rel="noopener noreferrer"
            target="_blank"
          >
            YouTube
          </a>
          <a
            class="App-link"
            href="https://www.instagram.com/f2t4/"
            rel="noopener noreferrer"
            target="_blank"
          >
            Instagram
          </a>
          <a
            class="App-link"
            href="https://twitter.com/_F2t4"
            rel="noopener noreferrer"
            target="_blank"
          >
            Twitter
          </a>
        </header>
      </div>
    </div>
  </body>,
  "container": <div>
    <div
      class="App"
    >
      <header
        class="App-header"
      >
        <img
          alt="logo"
          class="App-logo"
          src="logoF2t4BlackWhiteCircleFilled.png"
        />
        <p>
          FLOOR
          <sup>
            4
          </sup>
        </p>
        <a
          class="App-link"
          href="https://soundcloud.com/f2t4"
          rel="noopener noreferrer"
          target="_blank"
        >
          SoundCloud
        </a>
        <a
          class="App-link"
          href="https://www.youtube.com/F2t4TV"
          rel="noopener noreferrer"
          target="_blank"
        >
          YouTube
        </a>
        <a
          class="App-link"
          href="https://www.instagram.com/f2t4/"
          rel="noopener noreferrer"
          target="_blank"
        >
          Instagram
        </a>
        <a
          class="App-link"
          href="https://twitter.com/_F2t4"
          rel="noopener noreferrer"
          target="_blank"
        >
          Twitter
        </a>
      </header>
    </div>
  </div>,
  "debug": [Function],
  "findAllByAltText": [Function],
  "findAllByDisplayValue": [Function],
  "findAllByLabelText": [Function],
  "findAllByPlaceholderText": [Function],
  "findAllByRole": [Function],
  "findAllByTestId": [Function],
  "findAllByText": [Function],
  "findAllByTitle": [Function],
  "findByAltText": [Function],
  "findByDisplayValue": [Function],
  "findByLabelText": [Function],
  "findByPlaceholderText": [Function],
  "findByRole": [Function],
  "findByTestId": [Function],
  "findByText": [Function],
  "findByTitle": [Function],
  "getAllByAltText": [Function],
  "getAllByDisplayValue": [Function],
  "getAllByLabelText": [Function],
  "getAllByPlaceholderText": [Function],
  "getAllByRole": [Function],
  "getAllByTestId": [Function],
  "getAllByText": [Function],
  "getAllByTitle": [Function],
  "getByAltText": [Function],
  "getByDisplayValue": [Function],
  "getByLabelText": [Function],
  "getByPlaceholderText": [Function],
  "getByRole": [Function],
  "getByTestId": [Function],
  "getByText": [Function],
  "getByTitle": [Function],
  "queryAllByAltText": [Function],
  "queryAllByDisplayValue": [Function],
  "queryAllByLabelText": [Function],
  "queryAllByPlaceholderText": [Function],
  "queryAllByRole": [Function],
  "queryAllByTestId": [Function],
  "queryAllByText": [Function],
  "queryAllByTitle": [Function],
  "queryByAltText": [Function],
  "queryByDisplayValue": [Function],
  "queryByLabelText": [Function],
  "queryByPlaceholderText": [Function],
  "queryByRole": [Function],
  "queryByTestId": [Function],
  "queryByText": [Function],
  "queryByTitle": [Function],
  "rerender": [Function],
  "unmount": [Function],
}
`;
